Directory:src
Directory:lib
Directory:views
Directory:build
Component:configuration.json
Component:start.sh
Component:start.bat
Library:kotlin-stdlib-1.1.1.jar
Library:commons-logging-1.2.jar
Library:slf4j-1.7.7.jar
Library:slf4j-simple-1.7.2.jar
Library:node.kt-1.0.jar
Module:freemarker:2.3.20:Library:freemarker-2.3.20.jar:node.kt-module-freemarker-1.0.jar
Module:velocity:1.7:Library:velocity-1.7.jar:node.kt-module-velocity-1.0.jar
Module:netty:4.0.28:Library:netty-all-4.0.28.Final.jar:node.kt-module-netty-1.0.jar
Module:smtweb:1.0.0:Library:node.kt-module-smtweb-1.0.0.jar
Module:servlet:1.0.0:Library:servlet-api-2.5.jar:jstl-1.1.2.jar:node.kt-module-servlet-1.0.0.jar
Module:oauth:0.1.0:Library:httpclient-4.5.2.jar:httpcore-4.4.4.jar:node.kt-module-oauth-0.1.0.jar
Module:mail:0.1.0:Library:javax-mail-api-1.5.2.jar:node.kt-module-mail-0.1.0.jar
Module:lesscss:1.7.0.1.1:Group:__lesscss_libs:__lesscss_dirs
Module:__lesscss_libs:1.7.0.1.1:Library:lesscss-1.7.0.1.1.jar:node.kt-module-lesscss-1.0.jar
Module:__lesscss_dirs:1.7.0.1.1:Directory:lesscss
